[INFO] Scanning for projects...
Downloading from central: https://repo.maven.apache.org/maven2/org/springframework/cloud/spring-cloud-dependencies/2023.0.3/spring-cloud-dependencies-2023.0.3.pom
[ERROR] [ERROR] Some problems were encountered while processing the POMs:
[ERROR] Non-resolvable import POM: The following artifacts could not be resolved: org.springframework.cloud:spring-cloud-dependencies:pom:2023.0.3 (absent): Could not transfer artifact org.springframework.cloud:spring-cloud-dependencies:pom:2023.0.3 from/to central (https://repo.maven.apache.org/maven2): The requested name is valid, but no data of the requested type was found (repo.maven.apache.org) @ line 22, column 25
[ERROR] 'dependencies.dependency.version' for org.springframework.cloud:spring-cloud-starter-gateway:jar is missing. @ line 34, column 21
 @ 
[ERROR] The build could not read 1 project -> [Help 1]
[ERROR]   
[ERROR]   The project com.programming.techie:api-gateway:1.0-SNAPSHOT (C:\Users\manik\OneDrive\Desktop\distributed-wallet-microservices\api-gateway\pom.xml) has 2 errors
[ERROR]     Non-resolvable import POM: The following artifacts could not be resolved: org.springframework.cloud:spring-cloud-dependencies:pom:2023.0.3 (absent): Could not transfer artifact org.springframework.cloud:spring-cloud-dependencies:pom:2023.0.3 from/to central (https://repo.maven.apache.org/maven2): The requested name is valid, but no data of the requested type was found (repo.maven.apache.org) @ line 22, column 25: Unknown host The requested name is valid, but no data of the requested type was found (repo.maven.apache.org) -> [Help 2]
[ERROR]     'dependencies.dependency.version' for org.springframework.cloud:spring-cloud-starter-gateway:jar is missing. @ line 34, column 21
[ERROR] 
[ERROR] To see the full stack trace of the errors, re-run Maven with the -e switch.
[ERROR] Re-run Maven using the -X switch to enable full debug logging.
[ERROR] 
[ERROR] For more information about the errors and possible solutions, please read the following articles:
[ERROR] [Help 1] http://cwiki.apache.org/confluence/display/MAVEN/ProjectBuildingException
[ERROR] [Help 2] http://cwiki.apache.org/confluence/display/MAVEN/UnresolvableModelException
