[INFO] Error stacktraces are turned on.
[INFO] Scanning for projects...
Downloading from central: https://repo.maven.apache.org/maven2/org/springframework/boot/spring-boot-starter-parent/3.3.5/spring-boot-starter-parent-3.3.5.pom
[ERROR] [ERROR] Some problems were encountered while processing the POMs:
[WARNING] 'parent.relativePath' of POM com.programming.techie:wallet-service:1.0 (C:\Users\manik\OneDrive\Desktop\distributed-wallet-microservices\wallet-service\pom.xml) points at com.programming.techie:distributed-wallet-microservices instead of org.springframework.boot:spring-boot-starter-parent, please verify your project structure @ line 7, column 13
[FATAL] Non-resolvable parent POM for com.programming.techie:wallet-service:1.0: The following artifacts could not be resolved: org.springframework.boot:spring-boot-starter-parent:pom:3.3.5 (absent): Could not transfer artifact org.springframework.boot:spring-boot-starter-parent:pom:3.3.5 from/to central (https://repo.maven.apache.org/maven2): The requested name is valid, but no data of the requested type was found (repo.maven.apache.org) and 'parent.relativePath' points at wrong local POM @ line 7, column 13
[FATAL] Non-readable POM C:\Users\manik\OneDrive\Desktop\distributed-wallet-microservices\transaction-service\pom.xml: input contained no data @ 
[WARNING] 'parent.relativePath' of POM com.programming.techie:auth-service:1.0 (C:\Users\manik\OneDrive\Desktop\distributed-wallet-microservices\auth-service\pom.xml) points at com.programming.techie:distributed-wallet-microservices instead of org.springframework.boot:spring-boot-starter-parent, please verify your project structure @ line 8, column 13
[FATAL] Non-resolvable parent POM for com.programming.techie:auth-service:1.0: The following artifacts could not be resolved: org.springframework.boot:spring-boot-starter-parent:pom:3.3.5 (absent): org.springframework.boot:spring-boot-starter-parent:pom:3.3.5 failed to transfer from https://repo.maven.apache.org/maven2 during a previous attempt. This failure was cached in the local repository and resolution is not reattempted until the update interval of central has elapsed or updates are forced. Original error: Could not transfer artifact org.springframework.boot:spring-boot-starter-parent:pom:3.3.5 from/to central (https://repo.maven.apache.org/maven2): The requested name is valid, but no data of the requested type was found (repo.maven.apache.org) and 'parent.relativePath' points at wrong local POM @ line 8, column 13
[FATAL] Non-readable POM C:\Users\manik\OneDrive\Desktop\distributed-wallet-microservices\api-gateway\pom.xml: input contained no data @ 
 @ 
[ERROR] The build could not read 4 projects -> [Help 1]
org.apache.maven.project.ProjectBuildingException: Some problems were encountered while processing the POMs:
[WARNING] 'parent.relativePath' of POM com.programming.techie:wallet-service:1.0 (C:\Users\manik\OneDrive\Desktop\distributed-wallet-microservices\wallet-service\pom.xml) points at com.programming.techie:distributed-wallet-microservices instead of org.springframework.boot:spring-boot-starter-parent, please verify your project structure @ line 7, column 13
[FATAL] Non-resolvable parent POM for com.programming.techie:wallet-service:1.0: The following artifacts could not be resolved: org.springframework.boot:spring-boot-starter-parent:pom:3.3.5 (absent): Could not transfer artifact org.springframework.boot:spring-boot-starter-parent:pom:3.3.5 from/to central (https://repo.maven.apache.org/maven2): The requested name is valid, but no data of the requested type was found (repo.maven.apache.org) and 'parent.relativePath' points at wrong local POM @ line 7, column 13
[FATAL] Non-readable POM C:\Users\manik\OneDrive\Desktop\distributed-wallet-microservices\transaction-service\pom.xml: input contained no data @ 
[WARNING] 'parent.relativePath' of POM com.programming.techie:auth-service:1.0 (C:\Users\manik\OneDrive\Desktop\distributed-wallet-microservices\auth-service\pom.xml) points at com.programming.techie:distributed-wallet-microservices instead of org.springframework.boot:spring-boot-starter-parent, please verify your project structure @ line 8, column 13
[FATAL] Non-resolvable parent POM for com.programming.techie:auth-service:1.0: The following artifacts could not be resolved: org.springframework.boot:spring-boot-starter-parent:pom:3.3.5 (absent): org.springframework.boot:spring-boot-starter-parent:pom:3.3.5 failed to transfer from https://repo.maven.apache.org/maven2 during a previous attempt. This failure was cached in the local repository and resolution is not reattempted until the update interval of central has elapsed or updates are forced. Original error: Could not transfer artifact org.springframework.boot:spring-boot-starter-parent:pom:3.3.5 from/to central (https://repo.maven.apache.org/maven2): The requested name is valid, but no data of the requested type was found (repo.maven.apache.org) and 'parent.relativePath' points at wrong local POM @ line 8, column 13
[FATAL] Non-readable POM C:\Users\manik\OneDrive\Desktop\distributed-wallet-microservices\api-gateway\pom.xml: input contained no data @ 

    at org.apache.maven.project.DefaultProjectBuilder.build (DefaultProjectBuilder.java:389)
    at org.apache.maven.graph.DefaultGraphBuilder.collectProjects (DefaultGraphBuilder.java:351)
    at org.apache.maven.graph.DefaultGraphBuilder.getProjectsForMavenReactor (DefaultGraphBuilder.java:342)
    at org.apache.maven.graph.DefaultGraphBuilder.build (DefaultGraphBuilder.java:76)
    at org.apache.maven.DefaultMaven.buildGraph (DefaultMaven.java:448)
    at org.apache.maven.DefaultMaven.doExecute (DefaultMaven.java:197)
    at org.apache.maven.DefaultMaven.doExecute (DefaultMaven.java:173)
    at org.apache.maven.DefaultMaven.execute (DefaultMaven.java:101)
    at org.apache.maven.cli.MavenCli.execute (MavenCli.java:906)
    at org.apache.maven.cli.MavenCli.doMain (MavenCli.java:283)
    at org.apache.maven.cli.MavenCli.main (MavenCli.java:206)
    at jdk.internal.reflect.NativeMethodAccessorImpl.invoke0 (Native Method)
    at jdk.internal.reflect.NativeMethodAccessorImpl.invoke (NativeMethodAccessorImpl.java:77)
    at jdk.internal.reflect.DelegatingMethodAccessorImpl.invoke (DelegatingMethodAccessorImpl.java:43)
    at java.lang.reflect.Method.invoke (Method.java:569)
    at org.codehaus.plexus.classworlds.launcher.Launcher.launchEnhanced (Launcher.java:255)
    at org.codehaus.plexus.classworlds.launcher.Launcher.launch (Launcher.java:201)
    at org.codehaus.plexus.classworlds.launcher.Launcher.mainWithExitCode (Launcher.java:361)
    at org.codehaus.plexus.classworlds.launcher.Launcher.main (Launcher.java:314)
[ERROR]   
[ERROR]   The project com.programming.techie:wallet-service:1.0 (C:\Users\manik\OneDrive\Desktop\distributed-wallet-microservices\wallet-service\pom.xml) has 1 error
[ERROR]     Non-resolvable parent POM for com.programming.techie:wallet-service:1.0: The following artifacts could not be resolved: org.springframework.boot:spring-boot-starter-parent:pom:3.3.5 (absent): Could not transfer artifact org.springframework.boot:spring-boot-starter-parent:pom:3.3.5 from/to central (https://repo.maven.apache.org/maven2): The requested name is valid, but no data of the requested type was found (repo.maven.apache.org) and 'parent.relativePath' points at wrong local POM @ line 7, column 13: Unknown host The requested name is valid, but no data of the requested type was found (repo.maven.apache.org) -> [Help 2]
org.apache.maven.model.resolution.UnresolvableModelException: The following artifacts could not be resolved: org.springframework.boot:spring-boot-starter-parent:pom:3.3.5 (absent): Could not transfer artifact org.springframework.boot:spring-boot-starter-parent:pom:3.3.5 from/to central (https://repo.maven.apache.org/maven2): The requested name is valid, but no data of the requested type was found (repo.maven.apache.org)
    at org.apache.maven.project.ProjectModelResolver.resolveModel (ProjectModelResolver.java:174)
    at org.apache.maven.project.ProjectModelResolver.resolveModel (ProjectModelResolver.java:218)
    at org.apache.maven.model.building.DefaultModelBuilder.readParentExternally (DefaultModelBuilder.java:1033)
    at org.apache.maven.model.building.DefaultModelBuilder.readParent (DefaultModelBuilder.java:825)
    at org.apache.maven.model.building.DefaultModelBuilder.build (DefaultModelBuilder.java:336)
    at org.apache.maven.model.building.DefaultModelBuilder.build (DefaultModelBuilder.java:248)
    at org.apache.maven.project.DefaultProjectBuilder.build (DefaultProjectBuilder.java:447)
    at org.apache.maven.project.DefaultProjectBuilder.build (DefaultProjectBuilder.java:410)
    at org.apache.maven.project.DefaultProjectBuilder.build (DefaultProjectBuilder.java:546)
    at org.apache.maven.project.DefaultProjectBuilder.build (DefaultProjectBuilder.java:410)
    at org.apache.maven.project.DefaultProjectBuilder.build (DefaultProjectBuilder.java:367)
    at org.apache.maven.graph.DefaultGraphBuilder.collectProjects (DefaultGraphBuilder.java:351)
    at org.apache.maven.graph.DefaultGraphBuilder.getProjectsForMavenReactor (DefaultGraphBuilder.java:342)
    at org.apache.maven.graph.DefaultGraphBuilder.build (DefaultGraphBuilder.java:76)
    at org.apache.maven.DefaultMaven.buildGraph (DefaultMaven.java:448)
    at org.apache.maven.DefaultMaven.doExecute (DefaultMaven.java:197)
    at org.apache.maven.DefaultMaven.doExecute (DefaultMaven.java:173)
    at org.apache.maven.DefaultMaven.execute (DefaultMaven.java:101)
    at org.apache.maven.cli.MavenCli.execute (MavenCli.java:906)
    at org.apache.maven.cli.MavenCli.doMain (MavenCli.java:283)
    at org.apache.maven.cli.MavenCli.main (MavenCli.java:206)
    at jdk.internal.reflect.NativeMethodAccessorImpl.invoke0 (Native Method)
    at jdk.internal.reflect.NativeMethodAccessorImpl.invoke (NativeMethodAccessorImpl.java:77)
    at jdk.internal.reflect.DelegatingMethodAccessorImpl.invoke (DelegatingMethodAccessorImpl.java:43)
    at java.lang.reflect.Method.invoke (Method.java:569)
    at org.codehaus.plexus.classworlds.launcher.Launcher.launchEnhanced (Launcher.java:255)
    at org.codehaus.plexus.classworlds.launcher.Launcher.launch (Launcher.java:201)
    at org.codehaus.plexus.classworlds.launcher.Launcher.mainWithExitCode (Launcher.java:361)
    at org.codehaus.plexus.classworlds.launcher.Launcher.main (Launcher.java:314)
Caused by: org.eclipse.aether.resolution.ArtifactResolutionException: The following artifacts could not be resolved: org.springframework.boot:spring-boot-starter-parent:pom:3.3.5 (absent): Could not transfer artifact org.springframework.boot:spring-boot-starter-parent:pom:3.3.5 from/to central (https://repo.maven.apache.org/maven2): The requested name is valid, but no data of the requested type was found (repo.maven.apache.org)
    at org.eclipse.aether.internal.impl.DefaultArtifactResolver.resolve (DefaultArtifactResolver.java:473)
    at org.eclipse.aether.internal.impl.DefaultArtifactResolver.resolveArtifacts (DefaultArtifactResolver.java:261)
    at org.eclipse.aether.internal.impl.DefaultArtifactResolver.resolveArtifact (DefaultArtifactResolver.java:243)
    at org.eclipse.aether.internal.impl.DefaultRepositorySystem.resolveArtifact (DefaultRepositorySystem.java:278)
    at org.apache.maven.project.ProjectModelResolver.resolveModel (ProjectModelResolver.java:172)
    at org.apache.maven.project.ProjectModelResolver.resolveModel (ProjectModelResolver.java:218)
    at org.apache.maven.model.building.DefaultModelBuilder.readParentExternally (DefaultModelBuilder.java:1033)
    at org.apache.maven.model.building.DefaultModelBuilder.readParent (DefaultModelBuilder.java:825)
    at org.apache.maven.model.building.DefaultModelBuilder.build (DefaultModelBuilder.java:336)
    at org.apache.maven.model.building.DefaultModelBuilder.build (DefaultModelBuilder.java:248)
    at org.apache.maven.project.DefaultProjectBuilder.build (DefaultProjectBuilder.java:447)
    at org.apache.maven.project.DefaultProjectBuilder.build (DefaultProjectBuilder.java:410)
    at org.apache.maven.project.DefaultProjectBuilder.build (DefaultProjectBuilder.java:546)
    at org.apache.maven.project.DefaultProjectBuilder.build (DefaultProjectBuilder.java:410)
    at org.apache.maven.project.DefaultProjectBuilder.build (DefaultProjectBuilder.java:367)
    at org.apache.maven.graph.DefaultGraphBuilder.collectProjects (DefaultGraphBuilder.java:351)
    at org.apache.maven.graph.DefaultGraphBuilder.getProjectsForMavenReactor (DefaultGraphBuilder.java:342)
    at org.apache.maven.graph.DefaultGraphBuilder.build (DefaultGraphBuilder.java:76)
    at org.apache.maven.DefaultMaven.buildGraph (DefaultMaven.java:448)
    at org.apache.maven.DefaultMaven.doExecute (DefaultMaven.java:197)
    at org.apache.maven.DefaultMaven.doExecute (DefaultMaven.java:173)
    at org.apache.maven.DefaultMaven.execute (DefaultMaven.java:101)
    at org.apache.maven.cli.MavenCli.execute (MavenCli.java:906)
    at org.apache.maven.cli.MavenCli.doMain (MavenCli.java:283)
    at org.apache.maven.cli.MavenCli.main (MavenCli.java:206)
    at jdk.internal.reflect.NativeMethodAccessorImpl.invoke0 (Native Method)
    at jdk.internal.reflect.NativeMethodAccessorImpl.invoke (NativeMethodAccessorImpl.java:77)
    at jdk.internal.reflect.DelegatingMethodAccessorImpl.invoke (DelegatingMethodAccessorImpl.java:43)
    at java.lang.reflect.Method.invoke (Method.java:569)
    at org.codehaus.plexus.classworlds.launcher.Launcher.launchEnhanced (Launcher.java:255)
    at org.codehaus.plexus.classworlds.launcher.Launcher.launch (Launcher.java:201)
    at org.codehaus.plexus.classworlds.launcher.Launcher.mainWithExitCode (Launcher.java:361)
    at org.codehaus.plexus.classworlds.launcher.Launcher.main (Launcher.java:314)
Caused by: org.eclipse.aether.transfer.ArtifactTransferException: Could not transfer artifact org.springframework.boot:spring-boot-starter-parent:pom:3.3.5 from/to central (https://repo.maven.apache.org/maven2): The requested name is valid, but no data of the requested type was found (repo.maven.apache.org)
    at org.eclipse.aether.connector.basic.ArtifactTransportListener.transferFailed (ArtifactTransportListener.java:44)
    at org.eclipse.aether.connector.basic.BasicRepositoryConnector$TaskRunner.run (BasicRepositoryConnector.java:417)
    at org.eclipse.aether.connector.basic.BasicRepositoryConnector.get (BasicRepositoryConnector.java:260)
    at org.eclipse.aether.internal.impl.DefaultArtifactResolver.performDownloads (DefaultArtifactResolver.java:537)
    at org.eclipse.aether.internal.impl.DefaultArtifactResolver.resolve (DefaultArtifactResolver.java:449)
    at org.eclipse.aether.internal.impl.DefaultArtifactResolver.resolveArtifacts (DefaultArtifactResolver.java:261)
    at org.eclipse.aether.internal.impl.DefaultArtifactResolver.resolveArtifact (DefaultArtifactResolver.java:243)
    at org.eclipse.aether.internal.impl.DefaultRepositorySystem.resolveArtifact (DefaultRepositorySystem.java:278)
    at org.apache.maven.project.ProjectModelResolver.resolveModel (ProjectModelResolver.java:172)
    at org.apache.maven.project.ProjectModelResolver.resolveModel (ProjectModelResolver.java:218)
    at org.apache.maven.model.building.DefaultModelBuilder.readParentExternally (DefaultModelBuilder.java:1033)
    at org.apache.maven.model.building.DefaultModelBuilder.readParent (DefaultModelBuilder.java:825)
    at org.apache.maven.model.building.DefaultModelBuilder.build (DefaultModelBuilder.java:336)
    at org.apache.maven.model.building.DefaultModelBuilder.build (DefaultModelBuilder.java:248)
    at org.apache.maven.project.DefaultProjectBuilder.build (DefaultProjectBuilder.java:447)
    at org.apache.maven.project.DefaultProjectBuilder.build (DefaultProjectBuilder.java:410)
    at org.apache.maven.project.DefaultProjectBuilder.build (DefaultProjectBuilder.java:546)
    at org.apache.maven.project.DefaultProjectBuilder.build (DefaultProjectBuilder.java:410)
    at org.apache.maven.project.DefaultProjectBuilder.build (DefaultProjectBuilder.java:367)
    at org.apache.maven.graph.DefaultGraphBuilder.collectProjects (DefaultGraphBuilder.java:351)
    at org.apache.maven.graph.DefaultGraphBuilder.getProjectsForMavenReactor (DefaultGraphBuilder.java:342)
    at org.apache.maven.graph.DefaultGraphBuilder.build (DefaultGraphBuilder.java:76)
    at org.apache.maven.DefaultMaven.buildGraph (DefaultMaven.java:448)
    at org.apache.maven.DefaultMaven.doExecute (DefaultMaven.java:197)
    at org.apache.maven.DefaultMaven.doExecute (DefaultMaven.java:173)
    at org.apache.maven.DefaultMaven.execute (DefaultMaven.java:101)
    at org.apache.maven.cli.MavenCli.execute (MavenCli.java:906)
    at org.apache.maven.cli.MavenCli.doMain (MavenCli.java:283)
    at org.apache.maven.cli.MavenCli.main (MavenCli.java:206)
    at jdk.internal.reflect.NativeMethodAccessorImpl.invoke0 (Native Method)
    at jdk.internal.reflect.NativeMethodAccessorImpl.invoke (NativeMethodAccessorImpl.java:77)
    at jdk.internal.reflect.DelegatingMethodAccessorImpl.invoke (DelegatingMethodAccessorImpl.java:43)
    at java.lang.reflect.Method.invoke (Method.java:569)
    at org.codehaus.plexus.classworlds.launcher.Launcher.launchEnhanced (Launcher.java:255)
    at org.codehaus.plexus.classworlds.launcher.Launcher.launch (Launcher.java:201)
    at org.codehaus.plexus.classworlds.launcher.Launcher.mainWithExitCode (Launcher.java:361)
    at org.codehaus.plexus.classworlds.launcher.Launcher.main (Launcher.java:314)
Caused by: java.net.UnknownHostException: The requested name is valid, but no data of the requested type was found (repo.maven.apache.org)
    at java.net.Inet4AddressImpl.lookupAllHostAddr (Native Method)
    at java.net.InetAddress$PlatformNameService.lookupAllHostAddr (InetAddress.java:934)
    at java.net.InetAddress.getAddressesFromNameService (InetAddress.java:1543)
    at java.net.InetAddress$NameServiceAddresses.get (InetAddress.java:852)
    at java.net.InetAddress.getAllByName0 (InetAddress.java:1533)
    at java.net.InetAddress.getAllByName (InetAddress.java:1385)
    at java.net.InetAddress.getAllByName (InetAddress.java:1306)
    at org.apache.http.impl.conn.SystemDefaultDnsResolver.resolve (SystemDefaultDnsResolver.java:45)
    at org.apache.http.impl.conn.DefaultHttpClientConnectionOperator.connect (DefaultHttpClientConnectionOperator.java:112)
    at org.apache.http.impl.conn.PoolingHttpClientConnectionManager.connect (PoolingHttpClientConnectionManager.java:376)
    at org.apache.http.impl.execchain.MainClientExec.establishRoute (MainClientExec.java:393)
    at org.apache.http.impl.execchain.MainClientExec.execute (MainClientExec.java:236)
    at org.apache.http.impl.execchain.ProtocolExec.execute (ProtocolExec.java:186)
    at org.apache.http.impl.execchain.RetryExec.execute (RetryExec.java:89)
    at org.apache.http.impl.execchain.ServiceUnavailableRetryExec.execute (ServiceUnavailableRetryExec.java:85)
    at org.apache.http.impl.execchain.RedirectExec.execute (RedirectExec.java:110)
    at org.apache.http.impl.client.InternalHttpClient.doExecute (InternalHttpClient.java:185)
    at org.apache.http.impl.client.CloseableHttpClient.execute (CloseableHttpClient.java:72)
    at org.eclipse.aether.transport.http.HttpTransporter.execute (HttpTransporter.java:506)
    at org.eclipse.aether.transport.http.HttpTransporter.implGet (HttpTransporter.java:456)
    at org.eclipse.aether.spi.connector.transport.AbstractTransporter.get (AbstractTransporter.java:64)
    at org.eclipse.aether.connector.basic.BasicRepositoryConnector$GetTaskRunner.runTask (BasicRepositoryConnector.java:482)
    at org.eclipse.aether.connector.basic.BasicRepositoryConnector$TaskRunner.run (BasicRepositoryConnector.java:414)
    at org.eclipse.aether.connector.basic.BasicRepositoryConnector.get (BasicRepositoryConnector.java:260)
    at org.eclipse.aether.internal.impl.DefaultArtifactResolver.performDownloads (DefaultArtifactResolver.java:537)
    at org.eclipse.aether.internal.impl.DefaultArtifactResolver.resolve (DefaultArtifactResolver.java:449)
    at org.eclipse.aether.internal.impl.DefaultArtifactResolver.resolveArtifacts (DefaultArtifactResolver.java:261)
    at org.eclipse.aether.internal.impl.DefaultArtifactResolver.resolveArtifact (DefaultArtifactResolver.java:243)
    at org.eclipse.aether.internal.impl.DefaultRepositorySystem.resolveArtifact (DefaultRepositorySystem.java:278)
    at org.apache.maven.project.ProjectModelResolver.resolveModel (ProjectModelResolver.java:172)
    at org.apache.maven.project.ProjectModelResolver.resolveModel (ProjectModelResolver.java:218)
    at org.apache.maven.model.building.DefaultModelBuilder.readParentExternally (DefaultModelBuilder.java:1033)
    at org.apache.maven.model.building.DefaultModelBuilder.readParent (DefaultModelBuilder.java:825)
    at org.apache.maven.model.building.DefaultModelBuilder.build (DefaultModelBuilder.java:336)
    at org.apache.maven.model.building.DefaultModelBuilder.build (DefaultModelBuilder.java:248)
    at org.apache.maven.project.DefaultProjectBuilder.build (DefaultProjectBuilder.java:447)
    at org.apache.maven.project.DefaultProjectBuilder.build (DefaultProjectBuilder.java:410)
    at org.apache.maven.project.DefaultProjectBuilder.build (DefaultProjectBuilder.java:546)
    at org.apache.maven.project.DefaultProjectBuilder.build (DefaultProjectBuilder.java:410)
    at org.apache.maven.project.DefaultProjectBuilder.build (DefaultProjectBuilder.java:367)
    at org.apache.maven.graph.DefaultGraphBuilder.collectProjects (DefaultGraphBuilder.java:351)
    at org.apache.maven.graph.DefaultGraphBuilder.getProjectsForMavenReactor (DefaultGraphBuilder.java:342)
    at org.apache.maven.graph.DefaultGraphBuilder.build (DefaultGraphBuilder.java:76)
    at org.apache.maven.DefaultMaven.buildGraph (DefaultMaven.java:448)
    at org.apache.maven.DefaultMaven.doExecute (DefaultMaven.java:197)
    at org.apache.maven.DefaultMaven.doExecute (DefaultMaven.java:173)
    at org.apache.maven.DefaultMaven.execute (DefaultMaven.java:101)
    at org.apache.maven.cli.MavenCli.execute (MavenCli.java:906)
    at org.apache.maven.cli.MavenCli.doMain (MavenCli.java:283)
    at org.apache.maven.cli.MavenCli.main (MavenCli.java:206)
    at jdk.internal.reflect.NativeMethodAccessorImpl.invoke0 (Native Method)
    at jdk.internal.reflect.NativeMethodAccessorImpl.invoke (NativeMethodAccessorImpl.java:77)
    at jdk.internal.reflect.DelegatingMethodAccessorImpl.invoke (DelegatingMethodAccessorImpl.java:43)
    at java.lang.reflect.Method.invoke (Method.java:569)
    at org.codehaus.plexus.classworlds.launcher.Launcher.launchEnhanced (Launcher.java:255)
    at org.codehaus.plexus.classworlds.launcher.Launcher.launch (Launcher.java:201)
    at org.codehaus.plexus.classworlds.launcher.Launcher.mainWithExitCode (Launcher.java:361)
    at org.codehaus.plexus.classworlds.launcher.Launcher.main (Launcher.java:314)
[ERROR]   
[ERROR]   The project  (C:\Users\manik\OneDrive\Desktop\distributed-wallet-microservices\transaction-service\pom.xml) has 1 error
[ERROR]     Non-readable POM C:\Users\manik\OneDrive\Desktop\distributed-wallet-microservices\transaction-service\pom.xml: input contained no data
java.io.EOFException: input contained no data
    at org.codehaus.plexus.util.xml.pull.MXParser.fillBuf (MXParser.java:3109)
    at org.codehaus.plexus.util.xml.pull.MXParser.more (MXParser.java:3182)
    at org.codehaus.plexus.util.xml.pull.MXParser.parseProlog (MXParser.java:1435)
    at org.codehaus.plexus.util.xml.pull.MXParser.nextImpl (MXParser.java:1423)
    at org.codehaus.plexus.util.xml.pull.MXParser.next (MXParser.java:1133)
    at org.apache.maven.model.io.xpp3.MavenXpp3ReaderEx.read (MavenXpp3ReaderEx.java:648)
    at org.apache.maven.model.io.xpp3.MavenXpp3ReaderEx.read (MavenXpp3ReaderEx.java:676)
    at org.apache.maven.model.io.DefaultModelReader.read (DefaultModelReader.java:91)
    at org.apache.maven.model.io.DefaultModelReader.read (DefaultModelReader.java:74)
    at org.apache.maven.model.building.DefaultModelProcessor.read (DefaultModelProcessor.java:99)
    at org.apache.maven.model.building.DefaultModelBuilder.readModel (DefaultModelBuilder.java:594)
    at org.apache.maven.model.building.DefaultModelBuilder.build (DefaultModelBuilder.java:262)
    at org.apache.maven.model.building.DefaultModelBuilder.build (DefaultModelBuilder.java:248)
    at org.apache.maven.project.DefaultProjectBuilder.build (DefaultProjectBuilder.java:447)
    at org.apache.maven.project.DefaultProjectBuilder.build (DefaultProjectBuilder.java:410)
    at org.apache.maven.project.DefaultProjectBuilder.build (DefaultProjectBuilder.java:546)
    at org.apache.maven.project.DefaultProjectBuilder.build (DefaultProjectBuilder.java:410)
    at org.apache.maven.project.DefaultProjectBuilder.build (DefaultProjectBuilder.java:367)
    at org.apache.maven.graph.DefaultGraphBuilder.collectProjects (DefaultGraphBuilder.java:351)
    at org.apache.maven.graph.DefaultGraphBuilder.getProjectsForMavenReactor (DefaultGraphBuilder.java:342)
    at org.apache.maven.graph.DefaultGraphBuilder.build (DefaultGraphBuilder.java:76)
    at org.apache.maven.DefaultMaven.buildGraph (DefaultMaven.java:448)
    at org.apache.maven.DefaultMaven.doExecute (DefaultMaven.java:197)
    at org.apache.maven.DefaultMaven.doExecute (DefaultMaven.java:173)
    at org.apache.maven.DefaultMaven.execute (DefaultMaven.java:101)
    at org.apache.maven.cli.MavenCli.execute (MavenCli.java:906)
    at org.apache.maven.cli.MavenCli.doMain (MavenCli.java:283)
    at org.apache.maven.cli.MavenCli.main (MavenCli.java:206)
    at jdk.internal.reflect.NativeMethodAccessorImpl.invoke0 (Native Method)
    at jdk.internal.reflect.NativeMethodAccessorImpl.invoke (NativeMethodAccessorImpl.java:77)
    at jdk.internal.reflect.DelegatingMethodAccessorImpl.invoke (DelegatingMethodAccessorImpl.java:43)
    at java.lang.reflect.Method.invoke (Method.java:569)
    at org.codehaus.plexus.classworlds.launcher.Launcher.launchEnhanced (Launcher.java:255)
    at org.codehaus.plexus.classworlds.launcher.Launcher.launch (Launcher.java:201)
    at org.codehaus.plexus.classworlds.launcher.Launcher.mainWithExitCode (Launcher.java:361)
    at org.codehaus.plexus.classworlds.launcher.Launcher.main (Launcher.java:314)
[ERROR]   
[ERROR]   The project com.programming.techie:auth-service:1.0 (C:\Users\manik\OneDrive\Desktop\distributed-wallet-microservices\auth-service\pom.xml) has 1 error
[ERROR]     Non-resolvable parent POM for com.programming.techie:auth-service:1.0: The following artifacts could not be resolved: org.springframework.boot:spring-boot-starter-parent:pom:3.3.5 (absent): org.springframework.boot:spring-boot-starter-parent:pom:3.3.5 failed to transfer from https://repo.maven.apache.org/maven2 during a previous attempt. This failure was cached in the local repository and resolution is not reattempted until the update interval of central has elapsed or updates are forced. Original error: Could not transfer artifact org.springframework.boot:spring-boot-starter-parent:pom:3.3.5 from/to central (https://repo.maven.apache.org/maven2): The requested name is valid, but no data of the requested type was found (repo.maven.apache.org) and 'parent.relativePath' points at wrong local POM @ line 8, column 13 -> [Help 2]
org.apache.maven.model.resolution.UnresolvableModelException: The following artifacts could not be resolved: org.springframework.boot:spring-boot-starter-parent:pom:3.3.5 (absent): org.springframework.boot:spring-boot-starter-parent:pom:3.3.5 failed to transfer from https://repo.maven.apache.org/maven2 during a previous attempt. This failure was cached in the local repository and resolution is not reattempted until the update interval of central has elapsed or updates are forced. Original error: Could not transfer artifact org.springframework.boot:spring-boot-starter-parent:pom:3.3.5 from/to central (https://repo.maven.apache.org/maven2): The requested name is valid, but no data of the requested type was found (repo.maven.apache.org)
    at org.apache.maven.project.ProjectModelResolver.resolveModel (ProjectModelResolver.java:174)
    at org.apache.maven.project.ProjectModelResolver.resolveModel (ProjectModelResolver.java:218)
    at org.apache.maven.model.building.DefaultModelBuilder.readParentExternally (DefaultModelBuilder.java:1033)
    at org.apache.maven.model.building.DefaultModelBuilder.readParent (DefaultModelBuilder.java:825)
    at org.apache.maven.model.building.DefaultModelBuilder.build (DefaultModelBuilder.java:336)
    at org.apache.maven.model.building.DefaultModelBuilder.build (DefaultModelBuilder.java:248)
    at org.apache.maven.project.DefaultProjectBuilder.build (DefaultProjectBuilder.java:447)
    at org.apache.maven.project.DefaultProjectBuilder.build (DefaultProjectBuilder.java:410)
    at org.apache.maven.project.DefaultProjectBuilder.build (DefaultProjectBuilder.java:546)
    at org.apache.maven.project.DefaultProjectBuilder.build (DefaultProjectBuilder.java:410)
    at org.apache.maven.project.DefaultProjectBuilder.build (DefaultProjectBuilder.java:367)
    at org.apache.maven.graph.DefaultGraphBuilder.collectProjects (DefaultGraphBuilder.java:351)
    at org.apache.maven.graph.DefaultGraphBuilder.getProjectsForMavenReactor (DefaultGraphBuilder.java:342)
    at org.apache.maven.graph.DefaultGraphBuilder.build (DefaultGraphBuilder.java:76)
    at org.apache.maven.DefaultMaven.buildGraph (DefaultMaven.java:448)
    at org.apache.maven.DefaultMaven.doExecute (DefaultMaven.java:197)
    at org.apache.maven.DefaultMaven.doExecute (DefaultMaven.java:173)
    at org.apache.maven.DefaultMaven.execute (DefaultMaven.java:101)
    at org.apache.maven.cli.MavenCli.execute (MavenCli.java:906)
    at org.apache.maven.cli.MavenCli.doMain (MavenCli.java:283)
    at org.apache.maven.cli.MavenCli.main (MavenCli.java:206)
    at jdk.internal.reflect.NativeMethodAccessorImpl.invoke0 (Native Method)
    at jdk.internal.reflect.NativeMethodAccessorImpl.invoke (NativeMethodAccessorImpl.java:77)
    at jdk.internal.reflect.DelegatingMethodAccessorImpl.invoke (DelegatingMethodAccessorImpl.java:43)
    at java.lang.reflect.Method.invoke (Method.java:569)
    at org.codehaus.plexus.classworlds.launcher.Launcher.launchEnhanced (Launcher.java:255)
    at org.codehaus.plexus.classworlds.launcher.Launcher.launch (Launcher.java:201)
    at org.codehaus.plexus.classworlds.launcher.Launcher.mainWithExitCode (Launcher.java:361)
    at org.codehaus.plexus.classworlds.launcher.Launcher.main (Launcher.java:314)
Caused by: org.eclipse.aether.resolution.ArtifactResolutionException: The following artifacts could not be resolved: org.springframework.boot:spring-boot-starter-parent:pom:3.3.5 (absent): org.springframework.boot:spring-boot-starter-parent:pom:3.3.5 failed to transfer from https://repo.maven.apache.org/maven2 during a previous attempt. This failure was cached in the local repository and resolution is not reattempted until the update interval of central has elapsed or updates are forced. Original error: Could not transfer artifact org.springframework.boot:spring-boot-starter-parent:pom:3.3.5 from/to central (https://repo.maven.apache.org/maven2): The requested name is valid, but no data of the requested type was found (repo.maven.apache.org)
    at org.eclipse.aether.internal.impl.DefaultArtifactResolver.resolve (DefaultArtifactResolver.java:473)
    at org.eclipse.aether.internal.impl.DefaultArtifactResolver.resolveArtifacts (DefaultArtifactResolver.java:261)
    at org.eclipse.aether.internal.impl.DefaultArtifactResolver.resolveArtifact (DefaultArtifactResolver.java:243)
    at org.eclipse.aether.internal.impl.DefaultRepositorySystem.resolveArtifact (DefaultRepositorySystem.java:278)
    at org.apache.maven.project.ProjectModelResolver.resolveModel (ProjectModelResolver.java:172)
    at org.apache.maven.project.ProjectModelResolver.resolveModel (ProjectModelResolver.java:218)
    at org.apache.maven.model.building.DefaultModelBuilder.readParentExternally (DefaultModelBuilder.java:1033)
    at org.apache.maven.model.building.DefaultModelBuilder.readParent (DefaultModelBuilder.java:825)
    at org.apache.maven.model.building.DefaultModelBuilder.build (DefaultModelBuilder.java:336)
    at org.apache.maven.model.building.DefaultModelBuilder.build (DefaultModelBuilder.java:248)
    at org.apache.maven.project.DefaultProjectBuilder.build (DefaultProjectBuilder.java:447)
    at org.apache.maven.project.DefaultProjectBuilder.build (DefaultProjectBuilder.java:410)
    at org.apache.maven.project.DefaultProjectBuilder.build (DefaultProjectBuilder.java:546)
    at org.apache.maven.project.DefaultProjectBuilder.build (DefaultProjectBuilder.java:410)
    at org.apache.maven.project.DefaultProjectBuilder.build (DefaultProjectBuilder.java:367)
    at org.apache.maven.graph.DefaultGraphBuilder.collectProjects (DefaultGraphBuilder.java:351)
    at org.apache.maven.graph.DefaultGraphBuilder.getProjectsForMavenReactor (DefaultGraphBuilder.java:342)
    at org.apache.maven.graph.DefaultGraphBuilder.build (DefaultGraphBuilder.java:76)
    at org.apache.maven.DefaultMaven.buildGraph (DefaultMaven.java:448)
    at org.apache.maven.DefaultMaven.doExecute (DefaultMaven.java:197)
    at org.apache.maven.DefaultMaven.doExecute (DefaultMaven.java:173)
    at org.apache.maven.DefaultMaven.execute (DefaultMaven.java:101)
    at org.apache.maven.cli.MavenCli.execute (MavenCli.java:906)
    at org.apache.maven.cli.MavenCli.doMain (MavenCli.java:283)
    at org.apache.maven.cli.MavenCli.main (MavenCli.java:206)
    at jdk.internal.reflect.NativeMethodAccessorImpl.invoke0 (Native Method)
    at jdk.internal.reflect.NativeMethodAccessorImpl.invoke (NativeMethodAccessorImpl.java:77)
    at jdk.internal.reflect.DelegatingMethodAccessorImpl.invoke (DelegatingMethodAccessorImpl.java:43)
    at java.lang.reflect.Method.invoke (Method.java:569)
    at org.codehaus.plexus.classworlds.launcher.Launcher.launchEnhanced (Launcher.java:255)
    at org.codehaus.plexus.classworlds.launcher.Launcher.launch (Launcher.java:201)
    at org.codehaus.plexus.classworlds.launcher.Launcher.mainWithExitCode (Launcher.java:361)
    at org.codehaus.plexus.classworlds.launcher.Launcher.main (Launcher.java:314)
Caused by: org.eclipse.aether.transfer.ArtifactTransferException: org.springframework.boot:spring-boot-starter-parent:pom:3.3.5 failed to transfer from https://repo.maven.apache.org/maven2 during a previous attempt. This failure was cached in the local repository and resolution is not reattempted until the update interval of central has elapsed or updates are forced. Original error: Could not transfer artifact org.springframework.boot:spring-boot-starter-parent:pom:3.3.5 from/to central (https://repo.maven.apache.org/maven2): The requested name is valid, but no data of the requested type was found (repo.maven.apache.org)
    at org.eclipse.aether.internal.impl.DefaultUpdateCheckManager.newException (DefaultUpdateCheckManager.java:235)
    at org.eclipse.aether.internal.impl.DefaultUpdateCheckManager.checkArtifact (DefaultUpdateCheckManager.java:188)
    at org.eclipse.aether.internal.impl.DefaultArtifactResolver.gatherDownloads (DefaultArtifactResolver.java:586)
    at org.eclipse.aether.internal.impl.DefaultArtifactResolver.performDownloads (DefaultArtifactResolver.java:525)
    at org.eclipse.aether.internal.impl.DefaultArtifactResolver.resolve (DefaultArtifactResolver.java:449)
    at org.eclipse.aether.internal.impl.DefaultArtifactResolver.resolveArtifacts (DefaultArtifactResolver.java:261)
    at org.eclipse.aether.internal.impl.DefaultArtifactResolver.resolveArtifact (DefaultArtifactResolver.java:243)
    at org.eclipse.aether.internal.impl.DefaultRepositorySystem.resolveArtifact (DefaultRepositorySystem.java:278)
    at org.apache.maven.project.ProjectModelResolver.resolveModel (ProjectModelResolver.java:172)
    at org.apache.maven.project.ProjectModelResolver.resolveModel (ProjectModelResolver.java:218)
    at org.apache.maven.model.building.DefaultModelBuilder.readParentExternally (DefaultModelBuilder.java:1033)
    at org.apache.maven.model.building.DefaultModelBuilder.readParent (DefaultModelBuilder.java:825)
    at org.apache.maven.model.building.DefaultModelBuilder.build (DefaultModelBuilder.java:336)
    at org.apache.maven.model.building.DefaultModelBuilder.build (DefaultModelBuilder.java:248)
    at org.apache.maven.project.DefaultProjectBuilder.build (DefaultProjectBuilder.java:447)
    at org.apache.maven.project.DefaultProjectBuilder.build (DefaultProjectBuilder.java:410)
    at org.apache.maven.project.DefaultProjectBuilder.build (DefaultProjectBuilder.java:546)
    at org.apache.maven.project.DefaultProjectBuilder.build (DefaultProjectBuilder.java:410)
    at org.apache.maven.project.DefaultProjectBuilder.build (DefaultProjectBuilder.java:367)
    at org.apache.maven.graph.DefaultGraphBuilder.collectProjects (DefaultGraphBuilder.java:351)
    at org.apache.maven.graph.DefaultGraphBuilder.getProjectsForMavenReactor (DefaultGraphBuilder.java:342)
    at org.apache.maven.graph.DefaultGraphBuilder.build (DefaultGraphBuilder.java:76)
    at org.apache.maven.DefaultMaven.buildGraph (DefaultMaven.java:448)
    at org.apache.maven.DefaultMaven.doExecute (DefaultMaven.java:197)
    at org.apache.maven.DefaultMaven.doExecute (DefaultMaven.java:173)
    at org.apache.maven.DefaultMaven.execute (DefaultMaven.java:101)
    at org.apache.maven.cli.MavenCli.execute (MavenCli.java:906)
    at org.apache.maven.cli.MavenCli.doMain (MavenCli.java:283)
    at org.apache.maven.cli.MavenCli.main (MavenCli.java:206)
    at jdk.internal.reflect.NativeMethodAccessorImpl.invoke0 (Native Method)
    at jdk.internal.reflect.NativeMethodAccessorImpl.invoke (NativeMethodAccessorImpl.java:77)
    at jdk.internal.reflect.DelegatingMethodAccessorImpl.invoke (DelegatingMethodAccessorImpl.java:43)
    at java.lang.reflect.Method.invoke (Method.java:569)
    at org.codehaus.plexus.classworlds.launcher.Launcher.launchEnhanced (Launcher.java:255)
    at org.codehaus.plexus.classworlds.launcher.Launcher.launch (Launcher.java:201)
    at org.codehaus.plexus.classworlds.launcher.Launcher.mainWithExitCode (Launcher.java:361)
    at org.codehaus.plexus.classworlds.launcher.Launcher.main (Launcher.java:314)
[ERROR]   
[ERROR]   The project  (C:\Users\manik\OneDrive\Desktop\distributed-wallet-microservices\api-gateway\pom.xml) has 1 error
[ERROR]     Non-readable POM C:\Users\manik\OneDrive\Desktop\distributed-wallet-microservices\api-gateway\pom.xml: input contained no data
java.io.EOFException: input contained no data
    at org.codehaus.plexus.util.xml.pull.MXParser.fillBuf (MXParser.java:3109)
    at org.codehaus.plexus.util.xml.pull.MXParser.more (MXParser.java:3182)
    at org.codehaus.plexus.util.xml.pull.MXParser.parseProlog (MXParser.java:1435)
    at org.codehaus.plexus.util.xml.pull.MXParser.nextImpl (MXParser.java:1423)
    at org.codehaus.plexus.util.xml.pull.MXParser.next (MXParser.java:1133)
    at org.apache.maven.model.io.xpp3.MavenXpp3ReaderEx.read (MavenXpp3ReaderEx.java:648)
    at org.apache.maven.model.io.xpp3.MavenXpp3ReaderEx.read (MavenXpp3ReaderEx.java:676)
    at org.apache.maven.model.io.DefaultModelReader.read (DefaultModelReader.java:91)
    at org.apache.maven.model.io.DefaultModelReader.read (DefaultModelReader.java:74)
    at org.apache.maven.model.building.DefaultModelProcessor.read (DefaultModelProcessor.java:99)
    at org.apache.maven.model.building.DefaultModelBuilder.readModel (DefaultModelBuilder.java:594)
    at org.apache.maven.model.building.DefaultModelBuilder.build (DefaultModelBuilder.java:262)
    at org.apache.maven.model.building.DefaultModelBuilder.build (DefaultModelBuilder.java:248)
    at org.apache.maven.project.DefaultProjectBuilder.build (DefaultProjectBuilder.java:447)
    at org.apache.maven.project.DefaultProjectBuilder.build (DefaultProjectBuilder.java:410)
    at org.apache.maven.project.DefaultProjectBuilder.build (DefaultProjectBuilder.java:546)
    at org.apache.maven.project.DefaultProjectBuilder.build (DefaultProjectBuilder.java:410)
    at org.apache.maven.project.DefaultProjectBuilder.build (DefaultProjectBuilder.java:367)
    at org.apache.maven.graph.DefaultGraphBuilder.collectProjects (DefaultGraphBuilder.java:351)
    at org.apache.maven.graph.DefaultGraphBuilder.getProjectsForMavenReactor (DefaultGraphBuilder.java:342)
    at org.apache.maven.graph.DefaultGraphBuilder.build (DefaultGraphBuilder.java:76)
    at org.apache.maven.DefaultMaven.buildGraph (DefaultMaven.java:448)
    at org.apache.maven.DefaultMaven.doExecute (DefaultMaven.java:197)
    at org.apache.maven.DefaultMaven.doExecute (DefaultMaven.java:173)
    at org.apache.maven.DefaultMaven.execute (DefaultMaven.java:101)
    at org.apache.maven.cli.MavenCli.execute (MavenCli.java:906)
    at org.apache.maven.cli.MavenCli.doMain (MavenCli.java:283)
    at org.apache.maven.cli.MavenCli.main (MavenCli.java:206)
    at jdk.internal.reflect.NativeMethodAccessorImpl.invoke0 (Native Method)
    at jdk.internal.reflect.NativeMethodAccessorImpl.invoke (NativeMethodAccessorImpl.java:77)
    at jdk.internal.reflect.DelegatingMethodAccessorImpl.invoke (DelegatingMethodAccessorImpl.java:43)
    at java.lang.reflect.Method.invoke (Method.java:569)
    at org.codehaus.plexus.classworlds.launcher.Launcher.launchEnhanced (Launcher.java:255)
    at org.codehaus.plexus.classworlds.launcher.Launcher.launch (Launcher.java:201)
    at org.codehaus.plexus.classworlds.launcher.Launcher.mainWithExitCode (Launcher.java:361)
    at org.codehaus.plexus.classworlds.launcher.Launcher.main (Launcher.java:314)
[ERROR] 
[ERROR] Re-run Maven using the -X switch to enable full debug logging.
[ERROR] 
[ERROR] For more information about the errors and possible solutions, please read the following articles:
[ERROR] [Help 1] http://cwiki.apache.org/confluence/display/MAVEN/ProjectBuildingException
[ERROR] [Help 2] http://cwiki.apache.org/confluence/display/MAVEN/UnresolvableModelException
